-- Configuring done
-- Generating done
-- Build files have been written to: /home/alexis/Desktop/Gomoku/build
Scanning dependencies of target Gomoku
[  3%] Building CXX object CMakeFiles/Gomoku.dir/src/Core/PatternManager.cpp.o
[  7%] Linking CXX executable Gomoku
[100%] Built target Gomoku
register player 0x1318070
register player 0x1324a10
SIMULATION=============================================
END_SIMULATION=============================================
SIMULATION=============================================
END_SIMULATION=============================================
SIMULATION=============================================
END_SIMULATION=============================================
SIMULATION=============================================
END_SIMULATION=============================================
SIMULATION=============================================
END_SIMULATION=============================================
SIMULATION=============================================
END_SIMULATION=============================================
SIMULATION=============================================
END_SIMULATION=============================================
SIMULATION=============================================
END_SIMULATION=============================================
SIMULATION=============================================
END_SIMULATION=============================================
SIMULATION=============================================
END_SIMULATION=============================================
SIMULATION=============================================
END_SIMULATION=============================================
SIMULATION=============================================
END_SIMULATION=============================================
SIMULATION=============================================
END_SIMULATION=============================================
SIMULATION=============================================
END_SIMULATION=============================================
SIMULATION=============================================
END_SIMULATION=============================================
SIMULATION=============================================
END_SIMULATION=============================================
SIMULATION=============================================
END_SIMULATION=============================================
SIMULATION=============================================
END_SIMULATION=============================================
SIMULATION=============================================
END_SIMULATION=============================================
SIMULATION=============================================
END_SIMULATION=============================================
SIMULATION=============================================
END_SIMULATION=============================================
SIMULATION=============================================
END_SIMULATION=============================================
SIMULATION=============================================
END_SIMULATION=============================================
SIMULATION=============================================
END_SIMULATION=============================================
SIMULATION=============================================
END_SIMULATION=============================================
SIMULATION=============================================
END_SIMULATION=============================================
SIMULATION=============================================
END_SIMULATION=============================================
SIMULATION=============================================
END_SIMULATION=============================================
SIMULATION=============================================
END_SIMULATION=============================================
SIMULATION=============================================
END_SIMULATION=============================================
SIMULATION=============================================
END_SIMULATION=============================================
SIMULATION=============================================
END_SIMULATION=============================================
SIMULATION=============================================
END_SIMULATION=============================================
SIMULATION=============================================
WEIGHT pos: 40 = 1407
WEIGHT pos: 41 = 1410
END_SIMULATION=============================================
SIMULATION=============================================
WEIGHT pos: 40 = 1407
WEIGHT pos: 41 = 1410
END_SIMULATION=============================================
SIMULATION=============================================
WEIGHT pos: 40 = 1407
WEIGHT pos: 41 = 1410
END_SIMULATION=============================================
SIMULATION=============================================
WEIGHT pos: 40 = 1407
WEIGHT pos: 41 = 1410
END_SIMULATION=============================================
SIMULATION=============================================
END_SIMULATION=============================================
SIMULATION=============================================
END_SIMULATION=============================================
SIMULATION=============================================
END_SIMULATION=============================================
SIMULATION=============================================
END_SIMULATION=============================================
SIMULATION=============================================
END_SIMULATION=============================================
SIMULATION=============================================
END_SIMULATION=============================================
SIMULATION=============================================
END_SIMULATION=============================================
SIMULATION=============================================
END_SIMULATION=============================================
SIMULATION=============================================
END_SIMULATION=============================================
SIMULATION=============================================
END_SIMULATION=============================================
SIMULATION=============================================
END_SIMULATION=============================================
SIMULATION=============================================
END_SIMULATION=============================================
SIMULATION=============================================
END_SIMULATION=============================================
SIMULATION=============================================
END_SIMULATION=============================================
SIMULATION=============================================
END_SIMULATION=============================================
SIMULATION=============================================
END_SIMULATION=============================================
SIMULATION=============================================
END_SIMULATION=============================================
SIMULATION=============================================
END_SIMULATION=============================================
SIMULATION=============================================
END_SIMULATION=============================================
SIMULATION=============================================
END_SIMULATION=============================================
SIMULATION=============================================
END_SIMULATION=============================================
SIMULATION=============================================
END_SIMULATION=============================================
SIMULATION=============================================
END_SIMULATION=============================================
SIMULATION=============================================
END_SIMULATION=============================================
SIMULATION=============================================
END_SIMULATION=============================================
SIMULATION=============================================
END_SIMULATION=============================================
SIMULATION=============================================
END_SIMULATION=============================================
SIMULATION=============================================
END_SIMULATION=============================================
SIMULATION=============================================
END_SIMULATION=============================================
SIMULATION=============================================
END_SIMULATION=============================================
SIMULATION=============================================
END_SIMULATION=============================================
SIMULATION=============================================
END_SIMULATION=============================================
SIMULATION=============================================
END_SIMULATION=============================================
SIMULATION=============================================
END_SIMULATION=============================================
SIMULATION=============================================
END_SIMULATION=============================================
SIMULATION=============================================
END_SIMULATION=============================================
SIMULATION=============================================
END_SIMULATION=============================================
SIMULATION=============================================
END_SIMULATION=============================================
SIMULATION=============================================
END_SIMULATION=============================================
SIMULATION=============================================
END_SIMULATION=============================================
SIMULATION=============================================
END_SIMULATION=============================================
SIMULATION=============================================
END_SIMULATION=============================================
SIMULATION=============================================
END_SIMULATION=============================================
SIMULATION=============================================
END_SIMULATION=============================================
SIMULATION=============================================
END_SIMULATION=============================================
SIMULATION=============================================
END_SIMULATION=============================================
SIMULATION=============================================
END_SIMULATION=============================================
SIMULATION=============================================
END_SIMULATION=============================================
SIMULATION=============================================
END_SIMULATION=============================================
SIMULATION=============================================
END_SIMULATION=============================================
SIMULATION=============================================
END_SIMULATION=============================================
SIMULATION=============================================
END_SIMULATION=============================================
SIMULATION=============================================
END_SIMULATION=============================================
SIMULATION=============================================
END_SIMULATION=============================================
SIMULATION=============================================
END_SIMULATION=============================================
SIMULATION=============================================
END_SIMULATION=============================================
SIMULATION=============================================
END_SIMULATION=============================================
SIMULATION=============================================
END_SIMULATION=============================================
SIMULATION=============================================
END_SIMULATION=============================================
SIMULATION=============================================
END_SIMULATION=============================================
SIMULATION=============================================
END_SIMULATION=============================================
SIMULATION=============================================
END_SIMULATION=============================================
SIMULATION=============================================
END_SIMULATION=============================================
SIMULATION=============================================
END_SIMULATION=============================================
SIMULATION=============================================
END_SIMULATION=============================================
SIMULATION=============================================
END_SIMULATION=============================================
SIMULATION=============================================
END_SIMULATION=============================================
SIMULATION=============================================
END_SIMULATION=============================================
SIMULATION=============================================
END_SIMULATION=============================================
SIMULATION=============================================
END_SIMULATION=============================================
SIMULATION=============================================
END_SIMULATION=============================================
SIMULATION=============================================
END_SIMULATION=============================================
SIMULATION=============================================
END_SIMULATION=============================================
SIMULATION=============================================
END_SIMULATION=============================================
SIMULATION=============================================
END_SIMULATION=============================================
SIMULATION=============================================
END_SIMULATION=============================================
SIMULATION=============================================
END_SIMULATION=============================================
SIMULATION=============================================
END_SIMULATION=============================================
SIMULATION=============================================
END_SIMULATION=============================================
SIMULATION=============================================
END_SIMULATION=============================================
SIMULATION=============================================
END_SIMULATION=============================================
SIMULATION=============================================
END_SIMULATION=============================================
SIMULATION=============================================
END_SIMULATION=============================================
SIMULATION=============================================
END_SIMULATION=============================================
SIMULATION=============================================
END_SIMULATION=============================================
SIMULATION=============================================
END_SIMULATION=============================================
SIMULATION=============================================
END_SIMULATION=============================================
SIMULATION=============================================
END_SIMULATION=============================================
SIMULATION=============================================
END_SIMULATION=============================================
SIMULATION=============================================
END_SIMULATION=============================================
SIMULATION=============================================
END_SIMULATION=============================================
SIMULATION=============================================
END_SIMULATION=============================================
SIMULATION=============================================
END_SIMULATION=============================================
SIMULATION=============================================
END_SIMULATION=============================================
SIMULATION=============================================
END_SIMULATION=============================================
SIMULATION=============================================
END_SIMULATION=============================================
SIMULATION=============================================
END_SIMULATION=============================================
SIMULATION=============================================
END_SIMULATION=============================================
SIMULATION=============================================
END_SIMULATION=============================================
SIMULATION=============================================
END_SIMULATION=============================================
SIMULATION=============================================
END_SIMULATION=============================================
SIMULATION=============================================
END_SIMULATION=============================================
SIMULATION=============================================
END_SIMULATION=============================================
SIMULATION=============================================
END_SIMULATION=============================================
SIMULATION=============================================
END_SIMULATION=============================================
SIMULATION=============================================
END_SIMULATION=============================================
SIMULATION=============================================
END_SIMULATION=============================================
SIMULATION=============================================
END_SIMULATION=============================================
SIMULATION=============================================
END_SIMULATION=============================================
SIMULATION=============================================
END_SIMULATION=============================================
SIMULATION=============================================
END_SIMULATION=============================================
SIMULATION=============================================
END_SIMULATION=============================================
SIMULATION=============================================
END_SIMULATION=============================================
SIMULATION=============================================
END_SIMULATION=============================================
SIMULATION=============================================
END_SIMULATION=============================================
SIMULATION=============================================
END_SIMULATION=============================================
SIMULATION=============================================
END_SIMULATION=============================================
SIMULATION=============================================
END_SIMULATION=============================================
SIMULATION=============================================
END_SIMULATION=============================================
SIMULATION=============================================
END_SIMULATION=============================================
SIMULATION=============================================
END_SIMULATION=============================================
SIMULATION=============================================
END_SIMULATION=============================================
SIMULATION=============================================
END_SIMULATION=============================================
SIMULATION=============================================
END_SIMULATION=============================================
SIMULATION=============================================
END_SIMULATION=============================================
SIMULATION=============================================
END_SIMULATION=============================================
SIMULATION=============================================
END_SIMULATION=============================================
SIMULATION=============================================
END_SIMULATION=============================================
SIMULATION=============================================
END_SIMULATION=============================================
SIMULATION=============================================
END_SIMULATION=============================================
SIMULATION=============================================
END_SIMULATION=============================================
SIMULATION=============================================
END_SIMULATION=============================================
SIMULATION=============================================
END_SIMULATION=============================================
SIMULATION=============================================
END_SIMULATION=============================================
SIMULATION=============================================
END_SIMULATION=============================================
SIMULATION=============================================
END_SIMULATION=============================================
SIMULATION=============================================
END_SIMULATION=============================================
SIMULATION=============================================
END_SIMULATION=============================================
SIMULATION=============================================
END_SIMULATION=============================================
SIMULATION=============================================
END_SIMULATION=============================================
SIMULATION=============================================
END_SIMULATION=============================================
SIMULATION=============================================
END_SIMULATION=============================================
SIMULATION=============================================
END_SIMULATION=============================================
SIMULATION=============================================
END_SIMULATION=============================================
SIMULATION=============================================
END_SIMULATION=============================================
SIMULATION=============================================
END_SIMULATION=============================================
SIMULATION=============================================
END_SIMULATION=============================================
SIMULATION=============================================
END_SIMULATION=============================================
SIMULATION=============================================
END_SIMULATION=============================================
SIMULATION=============================================
END_SIMULATION=============================================
SIMULATION=============================================
END_SIMULATION=============================================
SIMULATION=============================================
END_SIMULATION=============================================
SIMULATION=============================================
END_SIMULATION=============================================
SIMULATION=============================================
END_SIMULATION=============================================
SIMULATION=============================================
END_SIMULATION=============================================
SIMULATION=============================================
END_SIMULATION=============================================
SIMULATION=============================================
END_SIMULATION=============================================
SIMULATION=============================================
END_SIMULATION=============================================
SIMULATION=============================================
END_SIMULATION=============================================
SIMULATION=============================================
END_SIMULATION=============================================
SIMULATION=============================================
END_SIMULATION=============================================
SIMULATION=============================================
END_SIMULATION=============================================
SIMULATION=============================================
END_SIMULATION=============================================
SIMULATION=============================================
END_SIMULATION=============================================
SIMULATION=============================================
END_SIMULATION=============================================
SIMULATION=============================================
END_SIMULATION=============================================
SIMULATION=============================================
END_SIMULATION=============================================
SIMULATION=============================================
END_SIMULATION=============================================
SIMULATION=============================================
END_SIMULATION=============================================
SIMULATION=============================================
END_SIMULATION=============================================
SIMULATION=============================================
END_SIMULATION=============================================
SIMULATION=============================================
END_SIMULATION=============================================
SIMULATION=============================================
END_SIMULATION=============================================
SIMULATION=============================================
END_SIMULATION=============================================
SIMULATION=============================================
END_SIMULATION=============================================
SIMULATION=============================================
END_SIMULATION=============================================
SIMULATION=============================================
END_SIMULATION=============================================
SIMULATION=============================================
END_SIMULATION=============================================
SIMULATION=============================================
END_SIMULATION=============================================
SIMULATION=============================================
END_SIMULATION=============================================
SIMULATION=============================================
END_SIMULATION=============================================
SIMULATION=============================================
END_SIMULATION=============================================
SIMULATION=============================================
END_SIMULATION=============================================
SIMULATION=============================================
END_SIMULATION=============================================
SIMULATION=============================================
END_SIMULATION=============================================
SIMULATION=============================================
END_SIMULATION=============================================
SIMULATION=============================================
END_SIMULATION=============================================
SIMULATION=============================================
END_SIMULATION=============================================
SIMULATION=============================================
END_SIMULATION=============================================
SIMULATION=============================================
END_SIMULATION=============================================
SIMULATION=============================================
END_SIMULATION=============================================
SIMULATION=============================================
END_SIMULATION=============================================
SIMULATION=============================================
END_SIMULATION=============================================
SIMULATION=============================================
END_SIMULATION=============================================
SIMULATION=============================================
END_SIMULATION=============================================
SIMULATION=============================================
END_SIMULATION=============================================
SIMULATION=============================================
END_SIMULATION=============================================
SIMULATION=============================================
END_SIMULATION=============================================
SIMULATION=============================================
END_SIMULATION=============================================
SIMULATION=============================================
END_SIMULATION=============================================
SIMULATION=============================================
END_SIMULATION=============================================
Simulations: 238, Action: 2
SIMULATION=============================================
END_SIMULATION=============================================
SIMULATION=============================================
END_SIMULATION=============================================
SIMULATION=============================================
END_SIMULATION=============================================
SIMULATION=============================================
END_SIMULATION=============================================
SIMULATION=============================================
END_SIMULATION=============================================
SIMULATION=============================================
END_SIMULATION=============================================
SIMULATION=============================================
END_SIMULATION=============================================
SIMULATION=============================================
END_SIMULATION=============================================
SIMULATION=============================================
END_SIMULATION=============================================
SIMULATION=============================================
END_SIMULATION=============================================
SIMULATION=============================================
END_SIMULATION=============================================
SIMULATION=============================================
END_SIMULATION=============================================
SIMULATION=============================================
END_SIMULATION=============================================
SIMULATION=============================================
END_SIMULATION=============================================
SIMULATION=============================================
END_SIMULATION=============================================
SIMULATION=============================================
END_SIMULATION=============================================
SIMULATION=============================================
END_SIMULATION=============================================
SIMULATION=============================================
END_SIMULATION=============================================
SIMULATION=============================================
END_SIMULATION=============================================
SIMULATION=============================================
END_SIMULATION=============================================
SIMULATION=============================================
END_SIMULATION=============================================
SIMULATION=============================================
END_SIMULATION=============================================
SIMULATION=============================================
END_SIMULATION=============================================
SIMULATION=============================================
END_SIMULATION=============================================
SIMULATION=============================================
END_SIMULATION=============================================
SIMULATION=============================================
END_SIMULATION=============================================
SIMULATION=============================================
END_SIMULATION=============================================
SIMULATION=============================================
END_SIMULATION=============================================
SIMULATION=============================================
END_SIMULATION=============================================
SIMULATION=============================================
END_SIMULATION=============================================
SIMULATION=============================================
END_SIMULATION=============================================
SIMULATION=============================================
WEIGHT pos: 40 = 1407
END_SIMULATION=============================================
SIMULATION=============================================
WEIGHT pos: 40 = 1407
END_SIMULATION=============================================
SIMULATION=============================================
WEIGHT pos: 40 = 1407
WEIGHT pos: 41 = 1410
END_SIMULATION=============================================
SIMULATION=============================================
WEIGHT pos: 40 = 1407
WEIGHT pos: 41 = 1410
END_SIMULATION=============================================
SIMULATION=============================================
END_SIMULATION=============================================
SIMULATION=============================================
END_SIMULATION=============================================
SIMULATION=============================================
END_SIMULATION=============================================
SIMULATION=============================================
END_SIMULATION=============================================
SIMULATION=============================================
END_SIMULATION=============================================
SIMULATION=============================================
END_SIMULATION=============================================
SIMULATION=============================================
END_SIMULATION=============================================
SIMULATION=============================================
END_SIMULATION=============================================
SIMULATION=============================================
END_SIMULATION=============================================
SIMULATION=============================================
END_SIMULATION=============================================
SIMULATION=============================================
END_SIMULATION=============================================
SIMULATION=============================================
END_SIMULATION=============================================
SIMULATION=============================================
END_SIMULATION=============================================
SIMULATION=============================================
END_SIMULATION=============================================
SIMULATION=============================================
END_SIMULATION=============================================
SIMULATION=============================================
END_SIMULATION=============================================
SIMULATION=============================================
END_SIMULATION=============================================
SIMULATION=============================================
END_SIMULATION=============================================
SIMULATION=============================================
END_SIMULATION=============================================
SIMULATION=============================================
END_SIMULATION=============================================
SIMULATION=============================================
END_SIMULATION=============================================
SIMULATION=============================================
END_SIMULATION=============================================
SIMULATION=============================================
END_SIMULATION=============================================
SIMULATION=============================================
END_SIMULATION=============================================
SIMULATION=============================================
END_SIMULATION=============================================
SIMULATION=============================================
END_SIMULATION=============================================
SIMULATION=============================================
END_SIMULATION=============================================
SIMULATION=============================================
END_SIMULATION=============================================
SIMULATION=============================================
END_SIMULATION=============================================
SIMULATION=============================================
END_SIMULATION=============================================
SIMULATION=============================================
END_SIMULATION=============================================
SIMULATION=============================================
END_SIMULATION=============================================
SIMULATION=============================================
END_SIMULATION=============================================
SIMULATION=============================================
END_SIMULATION=============================================
SIMULATION=============================================
END_SIMULATION=============================================
SIMULATION=============================================
END_SIMULATION=============================================
SIMULATION=============================================
END_SIMULATION=============================================
SIMULATION=============================================
END_SIMULATION=============================================
SIMULATION=============================================
END_SIMULATION=============================================
SIMULATION=============================================
END_SIMULATION=============================================
SIMULATION=============================================
END_SIMULATION=============================================
SIMULATION=============================================
END_SIMULATION=============================================
SIMULATION=============================================
END_SIMULATION=============================================
SIMULATION=============================================
END_SIMULATION=============================================
SIMULATION=============================================
END_SIMULATION=============================================
SIMULATION=============================================
END_SIMULATION=============================================
SIMULATION=============================================
END_SIMULATION=============================================
SIMULATION=============================================
END_SIMULATION=============================================
SIMULATION=============================================
END_SIMULATION=============================================
SIMULATION=============================================
END_SIMULATION=============================================
SIMULATION=============================================
END_SIMULATION=============================================
SIMULATION=============================================
END_SIMULATION=============================================
SIMULATION=============================================
END_SIMULATION=============================================
SIMULATION=============================================
END_SIMULATION=============================================
SIMULATION=============================================
END_SIMULATION=============================================
SIMULATION=============================================
END_SIMULATION=============================================
SIMULATION=============================================
END_SIMULATION=============================================
SIMULATION=============================================
END_SIMULATION=============================================
SIMULATION=============================================
END_SIMULATION=============================================
SIMULATION=============================================
END_SIMULATION=============================================
SIMULATION=============================================
END_SIMULATION=============================================
SIMULATION=============================================
END_SIMULATION=============================================
SIMULATION=============================================
END_SIMULATION=============================================
SIMULATION=============================================
END_SIMULATION=============================================
SIMULATION=============================================
END_SIMULATION=============================================
SIMULATION=============================================
END_SIMULATION=============================================
SIMULATION=============================================
END_SIMULATION=============================================
SIMULATION=============================================
END_SIMULATION=============================================
SIMULATION=============================================
END_SIMULATION=============================================
SIMULATION=============================================
END_SIMULATION=============================================
SIMULATION=============================================
END_SIMULATION=============================================
SIMULATION=============================================
END_SIMULATION=============================================
SIMULATION=============================================
END_SIMULATION=============================================
SIMULATION=============================================
END_SIMULATION=============================================
SIMULATION=============================================
END_SIMULATION=============================================
SIMULATION=============================================
END_SIMULATION=============================================
SIMULATION=============================================
END_SIMULATION=============================================
SIMULATION=============================================
END_SIMULATION=============================================
SIMULATION=============================================
END_SIMULATION=============================================
SIMULATION=============================================
END_SIMULATION=============================================
SIMULATION=============================================
END_SIMULATION=============================================
SIMULATION=============================================
END_SIMULATION=============================================
SIMULATION=============================================
END_SIMULATION=============================================
SIMULATION=============================================
END_SIMULATION=============================================
SIMULATION=============================================
END_SIMULATION=============================================
SIMULATION=============================================
END_SIMULATION=============================================
SIMULATION=============================================
END_SIMULATION=============================================
SIMULATION=============================================
END_SIMULATION=============================================
SIMULATION=============================================
END_SIMULATION=============================================
SIMULATION=============================================
END_SIMULATION=============================================
SIMULATION=============================================
END_SIMULATION=============================================
SIMULATION=============================================
END_SIMULATION=============================================
SIMULATION=============================================
END_SIMULATION=============================================
SIMULATION=============================================
END_SIMULATION=============================================
SIMULATION=============================================
END_SIMULATION=============================================
SIMULATION=============================================
END_SIMULATION=============================================
SIMULATION=============================================
END_SIMULATION=============================================
SIMULATION=============================================
END_SIMULATION=============================================
SIMULATION=============================================
END_SIMULATION=============================================
SIMULATION=============================================
END_SIMULATION=============================================
SIMULATION=============================================
END_SIMULATION=============================================
SIMULATION=============================================
END_SIMULATION=============================================
SIMULATION=============================================
END_SIMULATION=============================================
SIMULATION=============================================
END_SIMULATION=============================================
SIMULATION=============================================
END_SIMULATION=============================================
SIMULATION=============================================
END_SIMULATION=============================================
SIMULATION=============================================
END_SIMULATION=============================================
SIMULATION=============================================
END_SIMULATION=============================================
SIMULATION=============================================
END_SIMULATION=============================================
SIMULATION=============================================
END_SIMULATION=============================================
SIMULATION=============================================
END_SIMULATION=============================================
SIMULATION=============================================
END_SIMULATION=============================================
SIMULATION=============================================
END_SIMULATION=============================================
SIMULATION=============================================
END_SIMULATION=============================================
SIMULATION=============================================
END_SIMULATION=============================================
SIMULATION=============================================
END_SIMULATION=============================================
SIMULATION=============================================
END_SIMULATION=============================================
SIMULATION=============================================
END_SIMULATION=============================================
SIMULATION=============================================
END_SIMULATION=============================================
SIMULATION=============================================
END_SIMULATION=============================================
SIMULATION=============================================
END_SIMULATION=============================================
SIMULATION=============================================
END_SIMULATION=============================================
SIMULATION=============================================
END_SIMULATION=============================================
SIMULATION=============================================
END_SIMULATION=============================================
SIMULATION=============================================
END_SIMULATION=============================================
SIMULATION=============================================
END_SIMULATION=============================================
SIMULATION=============================================
END_SIMULATION=============================================
SIMULATION=============================================
END_SIMULATION=============================================
SIMULATION=============================================
END_SIMULATION=============================================
SIMULATION=============================================
END_SIMULATION=============================================
SIMULATION=============================================
END_SIMULATION=============================================
SIMULATION=============================================
END_SIMULATION=============================================
SIMULATION=============================================
END_SIMULATION=============================================
SIMULATION=============================================
END_SIMULATION=============================================
SIMULATION=============================================
END_SIMULATION=============================================
SIMULATION=============================================
END_SIMULATION=============================================
SIMULATION=============================================
END_SIMULATION=============================================
SIMULATION=============================================
END_SIMULATION=============================================
SIMULATION=============================================
END_SIMULATION=============================================
SIMULATION=============================================
END_SIMULATION=============================================
SIMULATION=============================================
END_SIMULATION=============================================
SIMULATION=============================================
END_SIMULATION=============================================
SIMULATION=============================================
END_SIMULATION=============================================
SIMULATION=============================================
END_SIMULATION=============================================
SIMULATION=============================================
END_SIMULATION=============================================
SIMULATION=============================================
END_SIMULATION=============================================
SIMULATION=============================================
END_SIMULATION=============================================
SIMULATION=============================================
END_SIMULATION=============================================
SIMULATION=============================================
END_SIMULATION=============================================
SIMULATION=============================================
END_SIMULATION=============================================
SIMULATION=============================================
END_SIMULATION=============================================
SIMULATION=============================================
END_SIMULATION=============================================
SIMULATION=============================================
END_SIMULATION=============================================
SIMULATION=============================================
END_SIMULATION=============================================
SIMULATION=============================================
END_SIMULATION=============================================
SIMULATION=============================================
END_SIMULATION=============================================
SIMULATION=============================================
END_SIMULATION=============================================
SIMULATION=============================================
END_SIMULATION=============================================
SIMULATION=============================================
END_SIMULATION=============================================
SIMULATION=============================================
END_SIMULATION=============================================
SIMULATION=============================================
END_SIMULATION=============================================
SIMULATION=============================================
END_SIMULATION=============================================
SIMULATION=============================================
END_SIMULATION=============================================
SIMULATION=============================================
END_SIMULATION=============================================
SIMULATION=============================================
END_SIMULATION=============================================
SIMULATION=============================================
END_SIMULATION=============================================
SIMULATION=============================================
END_SIMULATION=============================================
SIMULATION=============================================
END_SIMULATION=============================================
SIMULATION=============================================
END_SIMULATION=============================================
SIMULATION=============================================
END_SIMULATION=============================================
SIMULATION=============================================
END_SIMULATION=============================================
SIMULATION=============================================
END_SIMULATION=============================================
SIMULATION=============================================
END_SIMULATION=============================================
SIMULATION=============================================
END_SIMULATION=============================================
SIMULATION=============================================
END_SIMULATION=============================================
SIMULATION=============================================
END_SIMULATION=============================================
SIMULATION=============================================
END_SIMULATION=============================================
SIMULATION=============================================
END_SIMULATION=============================================
SIMULATION=============================================
END_SIMULATION=============================================
SIMULATION=============================================
END_SIMULATION=============================================
SIMULATION=============================================
END_SIMULATION=============================================
SIMULATION=============================================
END_SIMULATION=============================================
SIMULATION=============================================
END_SIMULATION=============================================
SIMULATION=============================================
END_SIMULATION=============================================
SIMULATION=============================================
END_SIMULATION=============================================
SIMULATION=============================================
END_SIMULATION=============================================
SIMULATION=============================================
END_SIMULATION=============================================
SIMULATION=============================================
END_SIMULATION=============================================
SIMULATION=============================================
END_SIMULATION=============================================
SIMULATION=============================================
END_SIMULATION=============================================
SIMULATION=============================================
END_SIMULATION=============================================
SIMULATION=============================================
END_SIMULATION=============================================
SIMULATION=============================================
END_SIMULATION=============================================
SIMULATION=============================================
END_SIMULATION=============================================
SIMULATION=============================================
END_SIMULATION=============================================
SIMULATION=============================================
END_SIMULATION=============================================
SIMULATION=============================================
END_SIMULATION=============================================
SIMULATION=============================================
END_SIMULATION=============================================
SIMULATION=============================================
END_SIMULATION=============================================
SIMULATION=============================================
END_SIMULATION=============================================
SIMULATION=============================================
END_SIMULATION=============================================
SIMULATION=============================================
END_SIMULATION=============================================
SIMULATION=============================================
END_SIMULATION=============================================
SIMULATION=============================================
END_SIMULATION=============================================
SIMULATION=============================================
END_SIMULATION=============================================
SIMULATION=============================================
END_SIMULATION=============================================
SIMULATION=============================================
END_SIMULATION=============================================
SIMULATION=============================================
END_SIMULATION=============================================
Simulations: 243, Action: 18
